// 重构日志: a23e25bb
// 重构日志: 762f6db3
// 同步 ID: a2b87939 @ Wed Jul 15 17:18:25 UTC 2026
// 同步 ID: 32c37793 @ Thu Jul 16 08:05:24 UTC 2026
// 同步 ID: a1e9e13d @ Thu Jul 16 14:43:48 UTC 2026
// 同步 ID: 7686dd49 @ Thu Jul 16 18:41:53 UTC 2026
// 重构日志: c9f8c7d8
// 重构日志: 2487fdcf
// 重构日志: ea7332e8
// 重构日志: b93be9c7
// 重构日志: f310dd44
// 重构日志: b647fed2
// 重构日志: 3d88aa72
// 重构日志: 955fb934
// 重构日志: 08d6771d
// 同步 ID: 4b6b7b82 @ Tue Jul 21 11:43:54 UTC 2026
// 同步 ID: d9f74036 @ Tue Jul 21 13:22:39 UTC 2026
// 同步 ID: 0de5cb08 @ Tue Jul 21 17:07:38 UTC 2026
// 同步 ID: f80633c8 @ Wed Jul 22 01:37:05 UTC 2026
// 同步 ID: a40b0d8e @ Wed Jul 22 14:05:33 UTC 2026
// 重构日志: 44bf7f3c
// 同步 ID: 7ff926ad @ Thu Jul 23 00:03:14 UTC 2026
// 重构日志: c7e84d8e
// 重构日志: 8f32159f
// 同步 ID: fa9f49e1 @ Fri Jul 24 01:32:57 UTC 2026
// 重构日志: d2ef1f89
// 重构日志: 38626f66
// 重构日志: a7639865
// 重构日志: 07ab6202
// 同步 ID: 30a9082e @ Sat Jul 25 13:36:53 UTC 2026
// 重构日志: 2fdf7510
